Archive member included to satisfy reference by file (symbol)

c:/users/kimostore/downloads/compressed/arm_stm32f401/tools/arm gcc/bin/../lib/gcc/arm-none-eabi/5.4.1/armv7e-m\libgcc.a(_aeabi_uldivmod.o)
                              ./src/MCAL/SYSTICK/SYSTICK.o (__aeabi_uldivmod)
c:/users/kimostore/downloads/compressed/arm_stm32f401/tools/arm gcc/bin/../lib/gcc/arm-none-eabi/5.4.1/armv7e-m\libgcc.a(_udivmoddi4.o)
                              c:/users/kimostore/downloads/compressed/arm_stm32f401/tools/arm gcc/bin/../lib/gcc/arm-none-eabi/5.4.1/armv7e-m\libgcc.a(_aeabi_uldivmod.o) (__udivmoddi4)
c:/users/kimostore/downloads/compressed/arm_stm32f401/tools/arm gcc/bin/../lib/gcc/arm-none-eabi/5.4.1/armv7e-m\libgcc.a(_dvmd_tls.o)
                              c:/users/kimostore/downloads/compressed/arm_stm32f401/tools/arm gcc/bin/../lib/gcc/arm-none-eabi/5.4.1/armv7e-m\libgcc.a(_aeabi_uldivmod.o) (__aeabi_ldiv0)

Discarded input sections

 .group         0x00000000        0x8 ./src/Schedular/Sched.o
 .group         0x00000000        0x8 ./src/Schedular/Sched.o
 .group         0x00000000        0x8 ./src/Schedular/Sched.o
 .group         0x00000000        0x8 ./src/Schedular/Sched.o
 .text          0x00000000        0x0 ./src/Schedular/Sched.o
 .data          0x00000000        0x0 ./src/Schedular/Sched.o
 .bss           0x00000000        0x0 ./src/Schedular/Sched.o
 .text.Sced_Tickcb
                0x00000000       0x10 ./src/Schedular/Sched.o
 .text.Sched_init
                0x00000000       0x4c ./src/Schedular/Sched.o
 .text.Sched_MainFunc
                0x00000000       0x5c ./src/Schedular/Sched.o
 .text.Sched_Start
                0x00000000       0x24 ./src/Schedular/Sched.o
 .bss.PendingCounts
                0x00000000        0x4 ./src/Schedular/Sched.o
 .bss.rinfo     0x00000000       0x28 ./src/Schedular/Sched.o
 .debug_info    0x00000000      0x25f ./src/Schedular/Sched.o
 .debug_abbrev  0x00000000      0x17f ./src/Schedular/Sched.o
 .debug_loc     0x00000000       0x3e ./src/Schedular/Sched.o
 .debug_aranges
                0x00000000       0x38 ./src/Schedular/Sched.o
 .debug_ranges  0x00000000       0x28 ./src/Schedular/Sched.o
 .debug_macro   0x00000000       0x44 ./src/Schedular/Sched.o
 .debug_macro   0x00000000      0x898 ./src/Schedular/Sched.o
 .debug_macro   0x00000000       0x10 ./src/Schedular/Sched.o
 .debug_macro   0x00000000       0x2e ./src/Schedular/Sched.o
 .debug_macro   0x00000000       0x10 ./src/Schedular/Sched.o
 .debug_line    0x00000000      0x129 ./src/Schedular/Sched.o
 .debug_str     0x00000000     0x2796 ./src/Schedular/Sched.o
 .comment       0x00000000       0x6f ./src/Schedular/Sched.o
 .debug_frame   0x00000000       0x6c ./src/Schedular/Sched.o
 .ARM.attributes
                0x00000000       0x33 ./src/Schedular/Sched.o
 .group         0x00000000        0x8 ./src/Schedular/Sched_Confg.o
 .group         0x00000000        0x8 ./src/Schedular/Sched_Confg.o
 .group         0x00000000        0x8 ./src/Schedular/Sched_Confg.o
 .group         0x00000000        0x8 ./src/Schedular/Sched_Confg.o
 .text          0x00000000        0x0 ./src/Schedular/Sched_Confg.o
 .data          0x00000000        0x0 ./src/Schedular/Sched_Confg.o
 .bss           0x00000000        0x0 ./src/Schedular/Sched_Confg.o
 .rodata.str1.4
                0x00000000       0x19 ./src/Schedular/Sched_Confg.o
 .rodata.UsrRInfo
                0x00000000       0x20 ./src/Schedular/Sched_Confg.o
 .debug_info    0x00000000      0x111 ./src/Schedular/Sched_Confg.o
 .debug_abbrev  0x00000000       0xb5 ./src/Schedular/Sched_Confg.o
 .debug_aranges
                0x00000000       0x18 ./src/Schedular/Sched_Confg.o
 .debug_macro   0x00000000       0x44 ./src/Schedular/Sched_Confg.o
 .debug_macro   0x00000000      0x898 ./src/Schedular/Sched_Confg.o
 .debug_macro   0x00000000       0x10 ./src/Schedular/Sched_Confg.o
 .debug_macro   0x00000000       0x2e ./src/Schedular/Sched_Confg.o
 .debug_macro   0x00000000       0x10 ./src/Schedular/Sched_Confg.o
 .debug_line    0x00000000       0xb9 ./src/Schedular/Sched_Confg.o
 .debug_str     0x00000000     0x2700 ./src/Schedular/Sched_Confg.o
 .comment       0x00000000       0x6f ./src/Schedular/Sched_Confg.o
 .ARM.attributes
                0x00000000       0x33 ./src/Schedular/Sched_Confg.o
 .group         0x00000000        0x8 ./src/MCAL/SYSTICK/SYSTICK.o
 .group         0x00000000        0x8 ./src/MCAL/SYSTICK/SYSTICK.o
 .group         0x00000000        0x8 ./src/MCAL/SYSTICK/SYSTICK.o
 .text          0x00000000        0x0 ./src/MCAL/SYSTICK/SYSTICK.o
 .data          0x00000000        0x0 ./src/MCAL/SYSTICK/SYSTICK.o
 .bss           0x00000000        0x0 ./src/MCAL/SYSTICK/SYSTICK.o
 .text.SYSTICK_Start
                0x00000000       0x38 ./src/MCAL/SYSTICK/SYSTICK.o
 .text.SYSTICK_Stop
                0x00000000       0x10 ./src/MCAL/SYSTICK/SYSTICK.o
 .text.SYSTICK_SetTimeMS
                0x00000000       0x58 ./src/MCAL/SYSTICK/SYSTICK.o
 .text.SYSTICK_CallBack
                0x00000000       0x14 ./src/MCAL/SYSTICK/SYSTICK.o
 .text.SysTick_Handler
                0x00000000       0x20 ./src/MCAL/SYSTICK/SYSTICK.o
 .bss.HandlerFunc
                0x00000000        0x4 ./src/MCAL/SYSTICK/SYSTICK.o
 .bss.Timer_Periodicity
                0x00000000        0x1 ./src/MCAL/SYSTICK/SYSTICK.o
 .debug_info    0x00000000      0x233 ./src/MCAL/SYSTICK/SYSTICK.o
 .debug_abbrev  0x00000000      0x16c ./src/MCAL/SYSTICK/SYSTICK.o
 .debug_loc     0x00000000      0x139 ./src/MCAL/SYSTICK/SYSTICK.o
 .debug_aranges
                0x00000000       0x40 ./src/MCAL/SYSTICK/SYSTICK.o
 .debug_ranges  0x00000000       0x30 ./src/MCAL/SYSTICK/SYSTICK.o
 .debug_macro   0x00000000       0x75 ./src/MCAL/SYSTICK/SYSTICK.o
 .debug_macro   0x00000000      0x898 ./src/MCAL/SYSTICK/SYSTICK.o
 .debug_macro   0x00000000       0x10 ./src/MCAL/SYSTICK/SYSTICK.o
 .debug_macro   0x00000000       0x2e ./src/MCAL/SYSTICK/SYSTICK.o
 .debug_line    0x00000000       0xf4 ./src/MCAL/SYSTICK/SYSTICK.o
 .debug_str     0x00000000     0x2855 ./src/MCAL/SYSTICK/SYSTICK.o
 .comment       0x00000000       0x6f ./src/MCAL/SYSTICK/SYSTICK.o
 .debug_frame   0x00000000       0x70 ./src/MCAL/SYSTICK/SYSTICK.o
 .ARM.attributes
                0x00000000       0x33 ./src/MCAL/SYSTICK/SYSTICK.o
 .group         0x00000000        0x8 ./src/MCAL/RCC/RCC.o
 .group         0x00000000        0x8 ./src/MCAL/RCC/RCC.o
 .group         0x00000000        0x8 ./src/MCAL/RCC/RCC.o
 .text          0x00000000        0x0 ./src/MCAL/RCC/RCC.o
 .data          0x00000000        0x0 ./src/MCAL/RCC/RCC.o
 .bss           0x00000000        0x0 ./src/MCAL/RCC/RCC.o
 .text.RCC_EnableClock
                0x00000000       0xa0 ./src/MCAL/RCC/RCC.o
 .text.RCC_DisableClock
                0x00000000       0x10 ./src/MCAL/RCC/RCC.o
 .text.RCC_SelectClockSource
                0x00000000       0x14 ./src/MCAL/RCC/RCC.o
 .text.RCC_ConfigurePLL
                0x00000000       0x68 ./src/MCAL/RCC/RCC.o
 .text.RCC_SelectPLLSource
                0x00000000       0x14 ./src/MCAL/RCC/RCC.o
 .text.RCC_SelectAHBPrescaler
                0x00000000       0x14 ./src/MCAL/RCC/RCC.o
 .text.RCC_SelectAPB1Prescaler
                0x00000000       0x14 ./src/MCAL/RCC/RCC.o
 .text.RCC_SelectAPB2Prescaler
                0x00000000       0x14 ./src/MCAL/RCC/RCC.o
 .text.RCC_EnableAHBPeripherals
                0x00000000       0x14 ./src/MCAL/RCC/RCC.o
 .text.RCC_EnableAPB1Peripherals
                0x00000000       0x14 ./src/MCAL/RCC/RCC.o
 .text.RCC_EnableAPB2Peripherals
                0x00000000       0x14 ./src/MCAL/RCC/RCC.o
 .text.RCC_DisableAHBPeripherals
                0x00000000       0x18 ./src/MCAL/RCC/RCC.o
 .text.RCC_DisableAPB1Peripherals
                0x00000000       0x18 ./src/MCAL/RCC/RCC.o
 .text.RCC_DisableAPB2Peripherals
                0x00000000       0x18 ./src/MCAL/RCC/RCC.o
 .debug_info    0x00000000      0x625 ./src/MCAL/RCC/RCC.o
 .debug_abbrev  0x00000000      0x161 ./src/MCAL/RCC/RCC.o
 .debug_loc     0x00000000      0x52d ./src/MCAL/RCC/RCC.o
 .debug_aranges
                0x00000000       0x88 ./src/MCAL/RCC/RCC.o
 .debug_ranges  0x00000000       0x78 ./src/MCAL/RCC/RCC.o
 .debug_macro   0x00000000       0xb9 ./src/MCAL/RCC/RCC.o
 .debug_macro   0x00000000      0x898 ./src/MCAL/RCC/RCC.o
 .debug_macro   0x00000000       0x10 ./src/MCAL/RCC/RCC.o
 .debug_macro   0x00000000       0x88 ./src/MCAL/RCC/RCC.o
 .debug_line    0x00000000      0x1c6 ./src/MCAL/RCC/RCC.o
 .debug_str     0x00000000     0x2d71 ./src/MCAL/RCC/RCC.o
 .comment       0x00000000       0x6f ./src/MCAL/RCC/RCC.o
 .debug_frame   0x00000000       0xfc ./src/MCAL/RCC/RCC.o
 .ARM.attributes
                0x00000000       0x33 ./src/MCAL/RCC/RCC.o
 .group         0x00000000        0x8 ./src/MCAL/NVIC/NVIC.o
 .group         0x00000000        0x8 ./src/MCAL/NVIC/NVIC.o
 .group         0x00000000        0x8 ./src/MCAL/NVIC/NVIC.o
 .text          0x00000000        0x0 ./src/MCAL/NVIC/NVIC.o
 .data          0x00000000        0x0 ./src/MCAL/NVIC/NVIC.o
 .bss           0x00000000        0x0 ./src/MCAL/NVIC/NVIC.o
 .text.NVIC_EnableInterrupt
                0x00000000       0x2c ./src/MCAL/NVIC/NVIC.o
 .text.NVIC_DisableInterrupt
                0x00000000       0x30 ./src/MCAL/NVIC/NVIC.o
 .text.NVIC_SetPending
                0x00000000       0x30 ./src/MCAL/NVIC/NVIC.o
 .text.NVIC_ClearPending
                0x00000000       0x30 ./src/MCAL/NVIC/NVIC.o
 .text.NVIC_GetActiveStatus
                0x00000000       0x2c ./src/MCAL/NVIC/NVIC.o
 .text.NVIC_GenerateSWInterrupt
                0x00000000       0x18 ./src/MCAL/NVIC/NVIC.o
 .text.NVIC_SetPriority
                0x00000000       0x34 ./src/MCAL/NVIC/NVIC.o
 .debug_info    0x00000000      0x421 ./src/MCAL/NVIC/NVIC.o
 .debug_abbrev  0x00000000      0x121 ./src/MCAL/NVIC/NVIC.o
 .debug_loc     0x00000000      0x476 ./src/MCAL/NVIC/NVIC.o
 .debug_aranges
                0x00000000       0x50 ./src/MCAL/NVIC/NVIC.o
 .debug_ranges  0x00000000       0x40 ./src/MCAL/NVIC/NVIC.o
 .debug_macro   0x00000000       0x47 ./src/MCAL/NVIC/NVIC.o
 .debug_macro   0x00000000      0x898 ./src/MCAL/NVIC/NVIC.o
 .debug_macro   0x00000000       0x10 ./src/MCAL/NVIC/NVIC.o
 .debug_macro   0x00000000      0x154 ./src/MCAL/NVIC/NVIC.o
 .debug_line    0x00000000      0x111 ./src/MCAL/NVIC/NVIC.o
 .debug_str     0x00000000     0x2d2b ./src/MCAL/NVIC/NVIC.o
 .comment       0x00000000       0x6f ./src/MCAL/NVIC/NVIC.o
 .debug_frame   0x00000000       0xe4 ./src/MCAL/NVIC/NVIC.o
 .ARM.attributes
                0x00000000       0x33 ./src/MCAL/NVIC/NVIC.o
 .group         0x00000000        0x8 ./src/MCAL/GPIO/GPIO.o
 .group         0x00000000        0x8 ./src/MCAL/GPIO/GPIO.o
 .group         0x00000000        0x8 ./src/MCAL/GPIO/GPIO.o
 .text          0x00000000        0x0 ./src/MCAL/GPIO/GPIO.o
 .data          0x00000000        0x0 ./src/MCAL/GPIO/GPIO.o
 .bss           0x00000000        0x0 ./src/MCAL/GPIO/GPIO.o
 .text.GPIO_InitPin
                0x00000000       0xac ./src/MCAL/GPIO/GPIO.o
 .text.GPIO_SetPinValue
                0x00000000       0x58 ./src/MCAL/GPIO/GPIO.o
 .text.GPIO_GetPinValue
                0x00000000       0x30 ./src/MCAL/GPIO/GPIO.o
 .rodata.arrOfPorts
                0x00000000       0x18 ./src/MCAL/GPIO/GPIO.o
 .debug_info    0x00000000      0x30c ./src/MCAL/GPIO/GPIO.o
 .debug_abbrev  0x00000000      0x11a ./src/MCAL/GPIO/GPIO.o
 .debug_loc     0x00000000      0x383 ./src/MCAL/GPIO/GPIO.o
 .debug_aranges
                0x00000000       0x30 ./src/MCAL/GPIO/GPIO.o
 .debug_ranges  0x00000000       0x20 ./src/MCAL/GPIO/GPIO.o
 .debug_macro   0x00000000       0x9b ./src/MCAL/GPIO/GPIO.o
 .debug_macro   0x00000000      0x898 ./src/MCAL/GPIO/GPIO.o
 .debug_macro   0x00000000       0x10 ./src/MCAL/GPIO/GPIO.o
 .debug_macro   0x00000000       0xf4 ./src/MCAL/GPIO/GPIO.o
 .debug_line    0x00000000       0xda ./src/MCAL/GPIO/GPIO.o
 .debug_str     0x00000000     0x2c1c ./src/MCAL/GPIO/GPIO.o
 .comment       0x00000000       0x6f ./src/MCAL/GPIO/GPIO.o
 .debug_frame   0x00000000       0x58 ./src/MCAL/GPIO/GPIO.o
 .ARM.attributes
                0x00000000       0x33 ./src/MCAL/GPIO/GPIO.o
 .group         0x00000000        0x8 ./src/HAL/1_HSW/HSW.o
 .group         0x00000000        0x8 ./src/HAL/1_HSW/HSW.o
 .group         0x00000000        0x8 ./src/HAL/1_HSW/HSW.o
 .group         0x00000000        0x8 ./src/HAL/1_HSW/HSW.o
 .group         0x00000000        0x8 ./src/HAL/1_HSW/HSW.o
 .text          0x00000000        0x0 ./src/HAL/1_HSW/HSW.o
 .data          0x00000000        0x0 ./src/HAL/1_HSW/HSW.o
 .bss           0x00000000        0x0 ./src/HAL/1_HSW/HSW.o
 .text.SW_init  0x00000000       0x44 ./src/HAL/1_HSW/HSW.o
 .text.HSW_Runnable
                0x00000000       0x68 ./src/HAL/1_HSW/HSW.o
 .text.SW_getSwState
                0x00000000       0x10 ./src/HAL/1_HSW/HSW.o
 .bss.swState   0x00000000        0x1 ./src/HAL/1_HSW/HSW.o
 .bss.previous.3755
                0x00000000        0x1 ./src/HAL/1_HSW/HSW.o
 .bss.counts.3756
                0x00000000        0x1 ./src/HAL/1_HSW/HSW.o
 .debug_info    0x00000000      0x289 ./src/HAL/1_HSW/HSW.o
 .debug_abbrev  0x00000000      0x17d ./src/HAL/1_HSW/HSW.o
 .debug_loc     0x00000000       0x4b ./src/HAL/1_HSW/HSW.o
 .debug_aranges
                0x00000000       0x30 ./src/HAL/1_HSW/HSW.o
 .debug_ranges  0x00000000       0x20 ./src/HAL/1_HSW/HSW.o
 .debug_macro   0x00000000       0x45 ./src/HAL/1_HSW/HSW.o
 .debug_macro   0x00000000      0x898 ./src/HAL/1_HSW/HSW.o
 .debug_macro   0x00000000       0x10 ./src/HAL/1_HSW/HSW.o
 .debug_macro   0x00000000       0x16 ./src/HAL/1_HSW/HSW.o
 .debug_macro   0x00000000       0x10 ./src/HAL/1_HSW/HSW.o
 .debug_macro   0x00000000       0xf4 ./src/HAL/1_HSW/HSW.o
 .debug_line    0x00000000       0xee ./src/HAL/1_HSW/HSW.o
 .debug_str     0x00000000     0x2a55 ./src/HAL/1_HSW/HSW.o
 .comment       0x00000000       0x6f ./src/HAL/1_HSW/HSW.o
 .debug_frame   0x00000000       0x5c ./src/HAL/1_HSW/HSW.o
 .ARM.attributes
                0x00000000       0x33 ./src/HAL/1_HSW/HSW.o
 .group         0x00000000        0x8 ./src/HAL/1_HSW/HSW_confg.o
 .group         0x00000000        0x8 ./src/HAL/1_HSW/HSW_confg.o
 .group         0x00000000        0x8 ./src/HAL/1_HSW/HSW_confg.o
 .group         0x00000000        0x8 ./src/HAL/1_HSW/HSW_confg.o
 .group         0x00000000        0x8 ./src/HAL/1_HSW/HSW_confg.o
 .text          0x00000000        0x0 ./src/HAL/1_HSW/HSW_confg.o
 .data          0x00000000        0x0 ./src/HAL/1_HSW/HSW_confg.o
 .bss           0x00000000        0x0 ./src/HAL/1_HSW/HSW_confg.o
 .data.arrayOfSw
                0x00000000        0xc ./src/HAL/1_HSW/HSW_confg.o
 .debug_info    0x00000000       0xd7 ./src/HAL/1_HSW/HSW_confg.o
 .debug_abbrev  0x00000000       0x9e ./src/HAL/1_HSW/HSW_confg.o
 .debug_aranges
                0x00000000       0x18 ./src/HAL/1_HSW/HSW_confg.o
 .debug_macro   0x00000000       0x45 ./src/HAL/1_HSW/HSW_confg.o
 .debug_macro   0x00000000      0x898 ./src/HAL/1_HSW/HSW_confg.o
 .debug_macro   0x00000000       0x10 ./src/HAL/1_HSW/HSW_confg.o
 .debug_macro   0x00000000       0x16 ./src/HAL/1_HSW/HSW_confg.o
 .debug_macro   0x00000000       0x10 ./src/HAL/1_HSW/HSW_confg.o
 .debug_macro   0x00000000       0xf4 ./src/HAL/1_HSW/HSW_confg.o
 .debug_line    0x00000000       0x9a ./src/HAL/1_HSW/HSW_confg.o
 .debug_str     0x00000000     0x294b ./src/HAL/1_HSW/HSW_confg.o
 .comment       0x00000000       0x6f ./src/HAL/1_HSW/HSW_confg.o
 .ARM.attributes
                0x00000000       0x33 ./src/HAL/1_HSW/HSW_confg.o
 .group         0x00000000        0x8 ./src/HAL/0_LED/LED.o
 .group         0x00000000        0x8 ./src/HAL/0_LED/LED.o
 .group         0x00000000        0x8 ./src/HAL/0_LED/LED.o
 .group         0x00000000        0x8 ./src/HAL/0_LED/LED.o
 .text          0x00000000        0x0 ./src/HAL/0_LED/LED.o
 .data          0x00000000        0x0 ./src/HAL/0_LED/LED.o
 .bss           0x00000000        0x0 ./src/HAL/0_LED/LED.o
 .text.LED_init
                0x00000000       0x40 ./src/HAL/0_LED/LED.o
 .text.LED_SetStatus
                0x00000000       0x20 ./src/HAL/0_LED/LED.o
 .debug_info    0x00000000      0x1f7 ./src/HAL/0_LED/LED.o
 .debug_abbrev  0x00000000      0x130 ./src/HAL/0_LED/LED.o
 .debug_loc     0x00000000       0x6c ./src/HAL/0_LED/LED.o
 .debug_aranges
                0x00000000       0x28 ./src/HAL/0_LED/LED.o
 .debug_ranges  0x00000000       0x18 ./src/HAL/0_LED/LED.o
 .debug_macro   0x00000000       0x46 ./src/HAL/0_LED/LED.o
 .debug_macro   0x00000000      0x898 ./src/HAL/0_LED/LED.o
 .debug_macro   0x00000000       0x10 ./src/HAL/0_LED/LED.o
 .debug_macro   0x00000000       0x1c ./src/HAL/0_LED/LED.o
 .debug_macro   0x00000000       0xf4 ./src/HAL/0_LED/LED.o
 .debug_line    0x00000000       0xd2 ./src/HAL/0_LED/LED.o
 .debug_str     0x00000000     0x29a0 ./src/HAL/0_LED/LED.o
 .comment       0x00000000       0x6f ./src/HAL/0_LED/LED.o
 .debug_frame   0x00000000       0x48 ./src/HAL/0_LED/LED.o
 .ARM.attributes
                0x00000000       0x33 ./src/HAL/0_LED/LED.o
 .group         0x00000000        0x8 ./src/HAL/0_LED/LED_Confg.o
 .group         0x00000000        0x8 ./src/HAL/0_LED/LED_Confg.o
 .group         0x00000000        0x8 ./src/HAL/0_LED/LED_Confg.o
 .group         0x00000000        0x8 ./src/HAL/0_LED/LED_Confg.o
 .text          0x00000000        0x0 ./src/HAL/0_LED/LED_Confg.o
 .data          0x00000000        0x0 ./src/HAL/0_LED/LED_Confg.o
 .bss           0x00000000        0x0 ./src/HAL/0_LED/LED_Confg.o
 .rodata.arrayOfLeds
                0x00000000        0x6 ./src/HAL/0_LED/LED_Confg.o
 .debug_info    0x00000000       0xe6 ./src/HAL/0_LED/LED_Confg.o
 .debug_abbrev  0x00000000       0xa5 ./src/HAL/0_LED/LED_Confg.o
 .debug_aranges
                0x00000000       0x18 ./src/HAL/0_LED/LED_Confg.o
 .debug_macro   0x00000000       0x46 ./src/HAL/0_LED/LED_Confg.o
 .debug_macro   0x00000000      0x898 ./src/HAL/0_LED/LED_Confg.o
 .debug_macro   0x00000000       0x10 ./src/HAL/0_LED/LED_Confg.o
 .debug_macro   0x00000000       0x1c ./src/HAL/0_LED/LED_Confg.o
 .debug_macro   0x00000000       0xf4 ./src/HAL/0_LED/LED_Confg.o
 .debug_line    0x00000000       0x9a ./src/HAL/0_LED/LED_Confg.o
 .debug_str     0x00000000     0x2946 ./src/HAL/0_LED/LED_Confg.o
 .comment       0x00000000       0x6f ./src/HAL/0_LED/LED_Confg.o
 .ARM.attributes
                0x00000000       0x33 ./src/HAL/0_LED/LED_Confg.o
 .group         0x00000000        0x8 ./src/APP/Scedular_APP/Schedular_APP.o
 .text          0x00000000        0x0 ./src/APP/Scedular_APP/Schedular_APP.o
 .data          0x00000000        0x0 ./src/APP/Scedular_APP/Schedular_APP.o
 .bss           0x00000000        0x0 ./src/APP/Scedular_APP/Schedular_APP.o
 .debug_info    0x00000000       0x21 ./src/APP/Scedular_APP/Schedular_APP.o
 .debug_abbrev  0x00000000       0x13 ./src/APP/Scedular_APP/Schedular_APP.o
 .debug_aranges
                0x00000000       0x18 ./src/APP/Scedular_APP/Schedular_APP.o
 .debug_macro   0x00000000       0x11 ./src/APP/Scedular_APP/Schedular_APP.o
 .debug_macro   0x00000000      0x898 ./src/APP/Scedular_APP/Schedular_APP.o
 .debug_line    0x00000000       0x48 ./src/APP/Scedular_APP/Schedular_APP.o
 .debug_str     0x00000000     0x253c ./src/APP/Scedular_APP/Schedular_APP.o
 .comment       0x00000000       0x6f ./src/APP/Scedular_APP/Schedular_APP.o
 .ARM.attributes
                0x00000000       0x33 ./src/APP/Scedular_APP/Schedular_APP.o
 .group         0x00000000        0x8 ./src/APP/HSwitch_APP/HSwitch_APP.o
 .group         0x00000000        0x8 ./src/APP/HSwitch_APP/HSwitch_APP.o
 .group         0x00000000        0x8 ./src/APP/HSwitch_APP/HSwitch_APP.o
 .group         0x00000000        0x8 ./src/APP/HSwitch_APP/HSwitch_APP.o
 .group         0x00000000        0x8 ./src/APP/HSwitch_APP/HSwitch_APP.o
 .group         0x00000000        0x8 ./src/APP/HSwitch_APP/HSwitch_APP.o
 .group         0x00000000        0x8 ./src/APP/HSwitch_APP/HSwitch_APP.o
 .group         0x00000000        0x8 ./src/APP/HSwitch_APP/HSwitch_APP.o
 .group         0x00000000        0x8 ./src/APP/HSwitch_APP/HSwitch_APP.o
 .group         0x00000000        0x8 ./src/APP/HSwitch_APP/HSwitch_APP.o
 .text          0x00000000        0x0 ./src/APP/HSwitch_APP/HSwitch_APP.o
 .data          0x00000000        0x0 ./src/APP/HSwitch_APP/HSwitch_APP.o
 .bss           0x00000000        0x0 ./src/APP/HSwitch_APP/HSwitch_APP.o
 .text._Z12Toggle_led_3v
                0x00000000       0x28 ./src/APP/HSwitch_APP/HSwitch_APP.o
 .text._Z12APP_Runnablev
                0x00000000       0x20 ./src/APP/HSwitch_APP/HSwitch_APP.o
 .text.main     0x00000000       0x1c ./src/APP/HSwitch_APP/HSwitch_APP.o
 .bss._ZZ12Toggle_led_3vE8ledState
                0x00000000        0x1 ./src/APP/HSwitch_APP/HSwitch_APP.o
 .debug_info    0x00000000      0x276 ./src/APP/HSwitch_APP/HSwitch_APP.o
 .debug_abbrev  0x00000000       0xe6 ./src/APP/HSwitch_APP/HSwitch_APP.o
 .debug_aranges
                0x00000000       0x30 ./src/APP/HSwitch_APP/HSwitch_APP.o
 .debug_ranges  0x00000000       0x20 ./src/APP/HSwitch_APP/HSwitch_APP.o
 .debug_macro   0x00000000       0xb0 ./src/APP/HSwitch_APP/HSwitch_APP.o
 .debug_macro   0x00000000      0x934 ./src/APP/HSwitch_APP/HSwitch_APP.o
 .debug_macro   0x00000000       0x1c ./src/APP/HSwitch_APP/HSwitch_APP.o
 .debug_macro   0x00000000       0x10 ./src/APP/HSwitch_APP/HSwitch_APP.o
 .debug_macro   0x00000000       0x88 ./src/APP/HSwitch_APP/HSwitch_APP.o
 .debug_macro   0x00000000       0xf4 ./src/APP/HSwitch_APP/HSwitch_APP.o
 .debug_macro   0x00000000       0x2e ./src/APP/HSwitch_APP/HSwitch_APP.o
 .debug_macro   0x00000000       0x10 ./src/APP/HSwitch_APP/HSwitch_APP.o
 .debug_macro   0x00000000       0x1c ./src/APP/HSwitch_APP/HSwitch_APP.o
 .debug_macro   0x00000000       0x16 ./src/APP/HSwitch_APP/HSwitch_APP.o
 .debug_macro   0x00000000       0x10 ./src/APP/HSwitch_APP/HSwitch_APP.o
 .debug_line    0x00000000      0x1d5 ./src/APP/HSwitch_APP/HSwitch_APP.o
 .debug_str     0x00000000     0x3155 ./src/APP/HSwitch_APP/HSwitch_APP.o
 .comment       0x00000000       0x6f ./src/APP/HSwitch_APP/HSwitch_APP.o
 .debug_frame   0x00000000       0x5c ./src/APP/HSwitch_APP/HSwitch_APP.o
 .ARM.attributes
                0x00000000       0x33 ./src/APP/HSwitch_APP/HSwitch_APP.o
 .text          0x00000000       0x30 c:/users/kimostore/downloads/compressed/arm_stm32f401/tools/arm gcc/bin/../lib/gcc/arm-none-eabi/5.4.1/armv7e-m\libgcc.a(_aeabi_uldivmod.o)
 .data          0x00000000        0x0 c:/users/kimostore/downloads/compressed/arm_stm32f401/tools/arm gcc/bin/../lib/gcc/arm-none-eabi/5.4.1/armv7e-m\libgcc.a(_aeabi_uldivmod.o)
 .bss           0x00000000        0x0 c:/users/kimostore/downloads/compressed/arm_stm32f401/tools/arm gcc/bin/../lib/gcc/arm-none-eabi/5.4.1/armv7e-m\libgcc.a(_aeabi_uldivmod.o)
 .debug_frame   0x00000000       0x2c c:/users/kimostore/downloads/compressed/arm_stm32f401/tools/arm gcc/bin/../lib/gcc/arm-none-eabi/5.4.1/armv7e-m\libgcc.a(_aeabi_uldivmod.o)
 .ARM.attributes
                0x00000000       0x1e c:/users/kimostore/downloads/compressed/arm_stm32f401/tools/arm gcc/bin/../lib/gcc/arm-none-eabi/5.4.1/armv7e-m\libgcc.a(_aeabi_uldivmod.o)
 .text          0x00000000      0x2e4 c:/users/kimostore/downloads/compressed/arm_stm32f401/tools/arm gcc/bin/../lib/gcc/arm-none-eabi/5.4.1/armv7e-m\libgcc.a(_udivmoddi4.o)
 .data          0x00000000        0x0 c:/users/kimostore/downloads/compressed/arm_stm32f401/tools/arm gcc/bin/../lib/gcc/arm-none-eabi/5.4.1/armv7e-m\libgcc.a(_udivmoddi4.o)
 .bss           0x00000000        0x0 c:/users/kimostore/downloads/compressed/arm_stm32f401/tools/arm gcc/bin/../lib/gcc/arm-none-eabi/5.4.1/armv7e-m\libgcc.a(_udivmoddi4.o)
 .ARM.extab     0x00000000        0x0 c:/users/kimostore/downloads/compressed/arm_stm32f401/tools/arm gcc/bin/../lib/gcc/arm-none-eabi/5.4.1/armv7e-m\libgcc.a(_udivmoddi4.o)
 .ARM.exidx     0x00000000        0x8 c:/users/kimostore/downloads/compressed/arm_stm32f401/tools/arm gcc/bin/../lib/gcc/arm-none-eabi/5.4.1/armv7e-m\libgcc.a(_udivmoddi4.o)
 .debug_frame   0x00000000       0x34 c:/users/kimostore/downloads/compressed/arm_stm32f401/tools/arm gcc/bin/../lib/gcc/arm-none-eabi/5.4.1/armv7e-m\libgcc.a(_udivmoddi4.o)
 .ARM.attributes
                0x00000000       0x2e c:/users/kimostore/downloads/compressed/arm_stm32f401/tools/arm gcc/bin/../lib/gcc/arm-none-eabi/5.4.1/armv7e-m\libgcc.a(_udivmoddi4.o)
 .text          0x00000000        0x4 c:/users/kimostore/downloads/compressed/arm_stm32f401/tools/arm gcc/bin/../lib/gcc/arm-none-eabi/5.4.1/armv7e-m\libgcc.a(_dvmd_tls.o)
 .data          0x00000000        0x0 c:/users/kimostore/downloads/compressed/arm_stm32f401/tools/arm gcc/bin/../lib/gcc/arm-none-eabi/5.4.1/armv7e-m\libgcc.a(_dvmd_tls.o)
 .bss           0x00000000        0x0 c:/users/kimostore/downloads/compressed/arm_stm32f401/tools/arm gcc/bin/../lib/gcc/arm-none-eabi/5.4.1/armv7e-m\libgcc.a(_dvmd_tls.o)
 .ARM.attributes
                0x00000000       0x1e c:/users/kimostore/downloads/compressed/arm_stm32f401/tools/arm gcc/bin/../lib/gcc/arm-none-eabi/5.4.1/armv7e-m\libgcc.a(_dvmd_tls.o)

Memory Configuration

Name             Origin             Length             Attributes
RAM              0x20000000         0x00020000         xrw
CCMRAM           0x10000000         0x00010000         xrw
FLASH            0x08000000         0x00100000         xr
FLASHB1          0x00000000         0x00000000         xr
EXTMEMB0         0x00000000         0x00000000         xr
EXTMEMB1         0x00000000         0x00000000         xr
EXTMEMB2         0x00000000         0x00000000         xr
EXTMEMB3         0x00000000         0x00000000         xr
MEMORY_ARRAY     0x20002000         0x00000020         xrw
*default*        0x00000000         0xffffffff

Linker script and memory map

LOAD ./src/Schedular/Sched.o
LOAD ./src/Schedular/Sched_Confg.o
LOAD ./src/MCAL/SYSTICK/SYSTICK.o
LOAD ./src/MCAL/RCC/RCC.o
LOAD ./src/MCAL/NVIC/NVIC.o
LOAD ./src/MCAL/GPIO/GPIO.o
LOAD ./src/HAL/1_HSW/HSW.o
LOAD ./src/HAL/1_HSW/HSW_confg.o
LOAD ./src/HAL/0_LED/LED.o
LOAD ./src/HAL/0_LED/LED_Confg.o
LOAD ./src/APP/Scedular_APP/Schedular_APP.o
LOAD ./src/APP/HSwitch_APP/HSwitch_APP.o
LOAD c:/users/kimostore/downloads/compressed/arm_stm32f401/tools/arm gcc/bin/../lib/gcc/arm-none-eabi/5.4.1/../../../../arm-none-eabi/lib/armv7e-m\libstdc++_nano.a
LOAD c:/users/kimostore/downloads/compressed/arm_stm32f401/tools/arm gcc/bin/../lib/gcc/arm-none-eabi/5.4.1/../../../../arm-none-eabi/lib/armv7e-m\libm.a
START GROUP
LOAD c:/users/kimostore/downloads/compressed/arm_stm32f401/tools/arm gcc/bin/../lib/gcc/arm-none-eabi/5.4.1/armv7e-m\libgcc.a
LOAD c:/users/kimostore/downloads/compressed/arm_stm32f401/tools/arm gcc/bin/../lib/gcc/arm-none-eabi/5.4.1/../../../../arm-none-eabi/lib/armv7e-m\libg_nano.a
LOAD c:/users/kimostore/downloads/compressed/arm_stm32f401/tools/arm gcc/bin/../lib/gcc/arm-none-eabi/5.4.1/../../../../arm-none-eabi/lib/armv7e-m\libc_nano.a
END GROUP
START GROUP
LOAD c:/users/kimostore/downloads/compressed/arm_stm32f401/tools/arm gcc/bin/../lib/gcc/arm-none-eabi/5.4.1/armv7e-m\libgcc.a
LOAD c:/users/kimostore/downloads/compressed/arm_stm32f401/tools/arm gcc/bin/../lib/gcc/arm-none-eabi/5.4.1/../../../../arm-none-eabi/lib/armv7e-m\libc_nano.a
END GROUP
                0x20020000                __stack = (ORIGIN (RAM) + LENGTH (RAM))
                0x20020000                _estack = __stack
                0x00000400                __Main_Stack_Size = 0x400
                [!provide]                PROVIDE (_Main_Stack_Size, __Main_Stack_Size)
                0x2001fc00                __Main_Stack_Limit = (__stack - __Main_Stack_Size)
                [!provide]                PROVIDE (_Main_Stack_Limit, __Main_Stack_Limit)
                0x00000100                _Minimum_Stack_Size = 0x100
                [!provide]                PROVIDE (_Heap_Begin, _end_noinit)
                [!provide]                PROVIDE (_Heap_Limit, (__stack - __Main_Stack_Size))

.isr_vector     0x08000000        0x0
 FILL mask 0xff
                0x08000000                __vectors_start = ABSOLUTE (.)
                0x08000000                __vectors_start__ = ABSOLUTE (.)
 *(.isr_vector)
 *(.cfmconfig)
 *(.after_vectors .after_vectors.*)

.inits          0x08000000       0x28
                0x08000000                __data_regions_array_start = .
                0x08000000        0x4 LONG 0x8000028 LOADADDR (.data)
                0x08000004        0x4 LONG 0x20000000 ADDR (.data)
                0x08000008        0x4 LONG 0x20000000 (ADDR (.data) + SIZEOF (.data))
                0x0800000c        0x4 LONG 0x8000028 LOADADDR (.data_CCMRAM)
                0x08000010        0x4 LONG 0x10000000 ADDR (.data_CCMRAM)
                0x08000014        0x4 LONG 0x10000000 (ADDR (.data_CCMRAM) + SIZEOF (.data_CCMRAM))
                0x08000018                __data_regions_array_end = .
                0x08000018                __bss_regions_array_start = .
                0x08000018        0x4 LONG 0x20000000 ADDR (.bss)
                0x0800001c        0x4 LONG 0x20000000 (ADDR (.bss) + SIZEOF (.bss))
                0x08000020        0x4 LONG 0x10000000 ADDR (.bss_CCMRAM)
                0x08000024        0x4 LONG 0x10000000 (ADDR (.bss_CCMRAM) + SIZEOF (.bss_CCMRAM))
                0x08000028                __bss_regions_array_end = .
 *(.init)
 *(.fini)
                0x08000028                . = ALIGN (0x4)
                [!provide]                PROVIDE (__preinit_array_start, .)
 *(.preinit_array_sysinit .preinit_array_sysinit.*)
 *(.preinit_array_platform .preinit_array_platform.*)
 *(.preinit_array .preinit_array.*)
                [!provide]                PROVIDE (__preinit_array_end, .)
                0x08000028                . = ALIGN (0x4)
                [!provide]                PROVIDE (__init_array_start, .)
 *(SORT(.init_array.*))
 *(.init_array)
                [!provide]                PROVIDE (__init_array_end, .)
                0x08000028                . = ALIGN (0x4)
                [!provide]                PROVIDE (__fini_array_start, .)
 *(SORT(.fini_array.*))
 *(.fini_array)
                [!provide]                PROVIDE (__fini_array_end, .)

.flashtext
 *(.flashtext .flashtext.*)

.text           0x08000028        0x0
 *(.text .text.*)
 *(.rodata .rodata.* .constdata .constdata.*)
 *(vtable)
 *(.eh_frame*)
 *(.glue_7)
 .glue_7        0x08000028        0x0 linker stubs
 *(.glue_7t)
 .glue_7t       0x08000028        0x0 linker stubs

.vfp11_veneer   0x08000028        0x0
 .vfp11_veneer  0x08000028        0x0 linker stubs

.v4_bx          0x08000028        0x0
 .v4_bx         0x08000028        0x0 linker stubs

.iplt           0x08000028        0x0
 .iplt          0x08000028        0x0 ./src/Schedular/Sched.o

.rel.dyn        0x08000028        0x0
 .rel.iplt      0x08000028        0x0 ./src/Schedular/Sched.o

.ARM.extab
 *(.ARM.extab* .gnu.linkonce.armextab.*)
                0x08000028                . = ALIGN (0x4)
                0x08000028                __exidx_start = .

.ARM.exidx
 *(.ARM.exidx* .gnu.linkonce.armexidx.*)
                0x08000028                __exidx_end = .
                0x08000028                . = ALIGN (0x4)
                0x08000028                _etext = .
                0x08000028                __etext = .

.data_CCMRAM    0x10000000        0x0 load address 0x08000028
 FILL mask 0xff
 *(.data.CCMRAM .data.CCMRAM.*)
                0x10000000                . = ALIGN (0x4)
                0x08000028                _sidata = LOADADDR (.data)

.data           0x20000000        0x0 load address 0x08000028
 FILL mask 0xff
                0x20000000                _sdata = .
                0x20000000                __data_start__ = .
 *(.data_begin .data_begin.*)
 *(.data .data.*)
 *(.data_end .data_end.*)
                0x20000000                . = ALIGN (0x4)
                0x20000000                _edata = .
                0x20000000                __data_end__ = .

.igot.plt       0x20000000        0x0 load address 0x08000028
 .igot.plt      0x20000000        0x0 ./src/Schedular/Sched.o

.bss_CCMRAM     0x10000000        0x0
 *(.bss.CCMRAM .bss.CCMRAM.*)

.bss            0x20000000        0x0
                0x20000000                __bss_start__ = .
                0x20000000                _sbss = .
 *(.bss_begin .bss_begin.*)
 *(.bss .bss.*)
 *(COMMON)
 *(.bss_end .bss_end.*)
                0x20000000                . = ALIGN (0x4)
                0x20000000                __bss_end__ = .
                0x20000000                _ebss = .

.noinit_CCMRAM
 *(.noinit.CCMRAM .noinit.CCMRAM.*)

.noinit         0x20000000        0x0
                0x20000000                _noinit = .
 *(.noinit .noinit.*)
                0x20000000                . = ALIGN (0x4)
                0x20000000                _end_noinit = .
                [!provide]                PROVIDE (end, _end_noinit)
                [!provide]                PROVIDE (_end, _end_noinit)
                [!provide]                PROVIDE (__end, _end_noinit)
                [!provide]                PROVIDE (__end__, _end_noinit)

._check_stack   0x20000000      0x100
                0x20000100                . = (. + _Minimum_Stack_Size)
 *fill*         0x20000000      0x100 

.b1text
 *(.b1text)
 *(.b1rodata)
 *(.b1rodata.*)

.eb0text
 *(.eb0text)
 *(.eb0rodata)
 *(.eb0rodata.*)

.eb1text
 *(.eb1text)
 *(.eb1rodata)
 *(.eb1rodata.*)

.eb2text
 *(.eb2text)
 *(.eb2rodata)
 *(.eb2rodata.*)

.eb3text
 *(.eb3text)
 *(.eb3rodata)
 *(.eb3rodata.*)

.stab
 *(.stab)

.stabstr
 *(.stabstr)

.stab.excl
 *(.stab.excl)

.stab.exclstr
 *(.stab.exclstr)

.stab.index
 *(.stab.index)

.stab.indexstr
 *(.stab.indexstr)

.comment
 *(.comment)

.debug
 *(.debug)

.line
 *(.line)

.debug_srcinfo
 *(.debug_srcinfo)

.debug_sfnames
 *(.debug_sfnames)

.debug_aranges
 *(.debug_aranges)

.debug_pubnames
 *(.debug_pubnames)

.debug_info
 *(.debug_info .gnu.linkonce.wi.*)

.debug_abbrev
 *(.debug_abbrev)

.debug_line
 *(.debug_line)

.debug_frame
 *(.debug_frame)

.debug_str
 *(.debug_str)

.debug_loc
 *(.debug_loc)

.debug_macinfo
 *(.debug_macinfo)

.debug_weaknames
 *(.debug_weaknames)

.debug_funcnames
 *(.debug_funcnames)

.debug_typenames
 *(.debug_typenames)

.debug_varnames
 *(.debug_varnames)
OUTPUT(stm.elf elf32-littlearm)
