02:05:38 **** Incremental Build of configuration Debug for project stm ****
make all 
Building file: ../src/APP/Scedular_APP/Schedular_APP.c
Invoking: Cross ARM GNU C Compiler
arm-none-eabi-gcc -mcpu=cortex-m4 -mthumb -mfloat-abi=soft -Og -fmessage-length=0 -fsigned-char -ffunction-sections -fdata-sections -ffreestanding -fno-move-loop-invariants -Wall -Wextra  -g3 -DDEBUG -DUSE_FULL_ASSERT -DTRACE -DOS_USE_TRACE_SEMIHOSTING_DEBUG -DSTM32F407xx -DUSE_HAL_DRIVER -DHSE_VALUE=8000000 -I"../include" -I"../system/include" -I"../system/include/cmsis" -I"../system/include/stm32f4-hal" -std=gnu11 -MMD -MP -MF"src/APP/Scedular_APP/Schedular_APP.d" -MT"src/APP/Scedular_APP/Schedular_APP.o" -c -o "src/APP/Scedular_APP/Schedular_APP.o" "../src/APP/Scedular_APP/Schedular_APP.c"
Finished building: ../src/APP/Scedular_APP/Schedular_APP.c
 
Building target: stm.elf
Invoking: Cross ARM GNU C++ Linker
arm-none-eabi-g++ -mcpu=cortex-m4 -mthumb -mfloat-abi=soft -Og -fmessage-length=0 -fsigned-char -ffunction-sections -fdata-sections -ffreestanding -fno-move-loop-invariants -Wall -Wextra  -g3 -T mem.ld -T libs.ld -T sections.ld -nostartfiles -Xlinker --gc-sections -L"../ldscripts" -Wl,-Map,"stm.map" --specs=nano.specs -o "stm.elf"  ./src/Schedular/Sched.o ./src/Schedular/Sched_Confg.o  ./src/MCAL/SYSTICK/SYSTICK.o  ./src/MCAL/RCC/RCC.o  ./src/MCAL/NVIC/NVIC.o  ./src/MCAL/GPIO/GPIO.o  ./src/HAL/1_HSW/HSW.o ./src/HAL/1_HSW/HSW_confg.o  ./src/HAL/0_LED/LED.o ./src/HAL/0_LED/LED_Confg.o  ./src/APP/Scedular_APP/Schedular_APP.o  ./src/APP/HSwitch_APP/HSwitch_APP.o   
c:/users/kimostore/downloads/compressed/arm_stm32f401/tools/arm gcc/bin/../lib/gcc/arm-none-eabi/5.4.1/../../../../arm-none-eabi/bin/ld.exe: warning: cannot find entry symbol _start; defaulting to 08000028
Finished building target: stm.elf
 
Invoking: Cross ARM GNU Create Flash Image
arm-none-eabi-objcopy -O ihex "stm.elf"  "stm.hex"
Finished building: stm.hex
 
Invoking: Cross ARM GNU Print Size
arm-none-eabi-size --format=berkeley "stm.elf"
   text	   data	    bss	    dec	    hex	filename
      0	     40	    256	    296	    128	stm.elf
Finished building: stm.siz
 

02:05:40 Build Finished (took 2s.89ms)

